python : Creating 
test database for 
alias 'default'...
At line:1 char:1
+ python manage.py 
test 
base.tests.UserTests 
2>&1 | Out-File 
-Encoding  ...
+ ~~~~~~~~~~~~~~~~~~~
~~~~~~~~~~~~~~~~~~~~~
~~~~~~~
    + CategoryInfo   
           : NotSpe  
  cified: (Creatin   
 g test d...as 'd    
efault'...:Strin    
g) [], RemoteExc    
eption
    + FullyQualified 
   ErrorId : Native  
  CommandError
 

F.
=====================
=====================
=====================
=======
FAIL: test_login (bas
e.tests.UserTests.tes
t_login)
---------------------
---------------------
---------------------
-------
Traceback (most 
recent call last):
  File "F:\drf\Ecomm\
ecomm\base\tests.py",
 line 33, in 
test_login
    self.assertEqual(
response.status_code,
 status.HTTP_200_OK)
    ~~~~~~~~~~~~~~~~^
^^^^^^^^^^^^^^^^^^^^^
^^^^^^^^^^^^^^^^^^^^
AssertionError: 400 
!= 200

---------------------
---------------------
---------------------
-------
Ran 2 tests in 1.181s

FAILED (failures=1)
Destroying test 
database for alias 
'default'...

Found 2 test(s).
System check identified no issues (0 silenced).
